// Jest Snapshot v1, https://goo.gl/fbAQLP

exports[`Registration Form 1`] = `
<div
  className="main-content"
/>
`;
